 
🚀 Notion ↔ Todoist Sync Engine started
   Polling every 30 seconds
   Database ID: 26c15156ed3781d78889c90662c83850
──────────────────────────────────────────────────

[2026-06-10T12:06:12.150Z] 🔄 Starting sync cycle...
[2026-06-10T12:06:13.113Z] ✅ Sync cycle complete.


[2026-06-10T12:06:42.189Z] 🔄 Starting sync cycle...
  ✏️  Notion→Todoist UPDATE: "New task is now updated"
[2026-06-10T12:06:44.341Z] ✅ Sync cycle complete.


[2026-06-10T12:07:12.205Z] 🔄 Starting sync cycle...
[2026-06-10T12:07:14.038Z] ✅ Sync cycle complete.


[2026-06-10T12:07:42.214Z] 🔄 Starting sync cycle...
[2026-06-10T12:07:43.235Z] ✅ Sync cycle complete.


[2026-06-10T12:08:12.222Z] 🔄 Starting sync cycle...
[2026-06-10T12:08:13.436Z] ✅ Sync cycle complete.


[2026-06-10T12:08:42.228Z] 🔄 Starting sync cycle...
[2026-06-10T12:08:43.238Z] ✅ Sync cycle complete.


[2026-06-10T12:09:12.241Z] 🔄 Starting sync cycle...
[2026-06-10T12:09:13.233Z] ✅ Sync cycle complete.


[2026-06-10T12:09:42.251Z] 🔄 Starting sync cycle...
[2026-06-10T12:09:43.856Z] ✅ Sync cycle complete.


[2026-06-10T12:10:12.252Z] 🔄 Starting sync cycle...
[2026-06-10T12:10:13.549Z] ✅ Sync cycle complete.


[2026-06-10T12:10:42.266Z] 🔄 Starting sync cycle...
[2026-06-10T12:10:43.559Z] ✅ Sync cycle complete.


[2026-06-10T12:11:12.281Z] 🔄 Starting sync cycle...
[2026-06-10T12:11:13.056Z] ✅ Sync cycle complete.


[2026-06-10T12:11:42.285Z] 🔄 Starting sync cycle...
  ✏️  Todoist→Notion UPDATE: "New task is now updated"
[2026-06-10T12:11:45.016Z] ✅ Sync cycle complete.


[2026-06-10T12:12:12.293Z] 🔄 Starting sync cycle...
[2026-06-10T12:12:13.877Z] ✅ Sync cycle complete.


[2026-06-10T12:12:42.299Z] 🔄 Starting sync cycle...
[2026-06-10T12:12:43.255Z] ✅ Sync cycle complete.


[2026-06-10T12:13:12.299Z] 🔄 Starting sync cycle...
[2026-06-10T12:13:13.259Z] ✅ Sync cycle complete.


[2026-06-10T12:13:42.307Z] 🔄 Starting sync cycle...
[2026-06-10T12:13:43.261Z] ✅ Sync cycle complete.


[2026-06-10T12:14:12.319Z] 🔄 Starting sync cycle...
[2026-06-10T12:14:13.679Z] ✅ Sync cycle complete.


[2026-06-10T12:14:42.327Z] 🔄 Starting sync cycle...
[2026-06-10T12:14:45.521Z] ✅ Sync cycle complete.


[2026-06-10T12:15:12.328Z] 🔄 Starting sync cycle...
[2026-06-10T12:15:13.742Z] ✅ Sync cycle complete.


[2026-06-10T12:15:42.334Z] 🔄 Starting sync cycle...
[2026-06-10T12:15:45.221Z] ✅ Sync cycle complete.


[2026-06-10T12:16:12.340Z] 🔄 Starting sync cycle...
[2026-06-10T12:16:14.720Z] ✅ Sync cycle complete.


[2026-06-10T12:16:42.341Z] 🔄 Starting sync cycle...
[2026-06-10T12:16:43.588Z] ✅ Sync cycle complete.


[2026-06-10T12:17:12.356Z] 🔄 Starting sync cycle...
[2026-06-10T12:17:13.291Z] ✅ Sync cycle complete.


[2026-06-10T12:17:42.356Z] 🔄 Starting sync cycle...
[2026-06-10T12:17:43.391Z] ✅ Sync cycle complete.


[2026-06-10T12:18:12.360Z] 🔄 Starting sync cycle...
[2026-06-10T12:18:13.403Z] ✅ Sync cycle complete.

